
 RUN  v4.1.10 /home/joao/projects/threenative/threenative-engine/.worktrees/startup-measure-reduce

 ✓ packages/core/__tests__/pipeline-census.spec.ts > pipeline census > records the mipmap pipelines three creates straight on the device 3ms
 ✓ packages/core/__tests__/pipeline-census.spec.ts > pipeline census > does not double count a device creation reached through the backend 2ms
 ✓ packages/core/__tests__/pipeline-census.spec.ts > pipeline census > hashes a stage once by reusing the module observation the device already recorded 1ms
 ✓ packages/core/__tests__/pipeline-census.spec.ts > pipeline census > hashes the stage source when the backend exposes no module for it 0ms
 ✓ packages/core/__tests__/pipeline-census.spec.ts > pipeline census > fails closed when a device pipeline names a shader module the collector never saw 1ms
 ✓ packages/core/__tests__/pipeline-census.spec.ts > pipeline census > reports incomplete when a WebGPU backend exposes no observable device 0ms
 ✓ packages/core/__tests__/pipeline-census.spec.ts > pipeline census > reports incomplete when one device creation method refuses the hook 0ms
 ✓ packages/core/__tests__/pipeline-census.spec.ts > pipeline census > stays complete when a device simply has no async creation methods 0ms
 ✓ packages/core/__tests__/pipeline-census.spec.ts > pipeline census > restores the device hooks it installed on dispose 1ms
 ✓ packages/core/__tests__/pipeline-census.spec.ts > pipeline census > leaves a browser device carrying no own pipeline methods after dispose 0ms
 ✓ packages/core/__tests__/pipeline-census.spec.ts > pipeline census > leaves a device method another owner replaced after install alone on dispose 0ms
 ✓ packages/core/__tests__/pipeline-census.spec.ts > pipeline census > retains native pipeline handles and the UTF-8 shader identity used by the host 1ms
 ✓ packages/core/__tests__/pipeline-census.spec.ts > pipeline census > reconciles unique programs and pipeline creations across passes 1ms
 ✓ packages/core/__tests__/pipeline-census.spec.ts > pipeline census > rejects completeness when creation observation is missing or bounded out 1ms
 ✓ packages/core/__tests__/pipeline-census.spec.ts > pipeline census > fails closed when a created pipeline has no shader observation 1ms
 ✓ packages/core/__tests__/pipeline-census.spec.ts > pipeline census > marks a bypassed collector as unsupported instead of returning an empty success 0ms
 ✓ packages/core/__tests__/pipeline-census.spec.ts > pipeline census > classifies main, shadow, PMREM, and output pipeline observations 0ms

 Test Files  1 passed (1)
      Tests  17 passed (17)
   Start at  17:08:12
   Duration  184ms (transform 58ms, setup 0ms, import 73ms, tests 14ms, environment 0ms)
