
 RUN  v4.1.10 /home/joao/projects/threenative/threenative-engine/.worktrees/startup-measure-reduce

 ❯ packages/playtest/__tests__/pipeline-timing.spec.ts (17 tests | 3 failed) 25ms
     × joins native service time to renderer provenance by exact pipeline handle 7ms
     × refuses mismatched shader content and missing pipeline joins 2ms
     × preserves incomplete native evidence when renderer attribution is complete 1ms
     ✓ separates queue delay from service time when asynchronous jobs overlap 7ms
     ✓ requires launch metadata before a browser capture can be complete 0ms
     ✓ requires both shader stages for render size and service correlation 0ms
     ✓ rejects provenance that is both unknown and attributed 0ms
     ✓ fails closed when one native event is missing from the sequence 0ms
     ✓ fails closed when the final native event is missing from an otherwise contiguous capture 1ms
     ✓ accepts a native marker capture with launch metadata and first-present evidence 1ms
     ✓ accepts a browser census and keeps material attribution separate from program identity 1ms
     ✓ requires a version before treating an events object as a browser capture 0ms
     ✓ marks status/count disagreement incomplete instead of trusting declared counts 0ms
     ✓ rejects negative or out-of-order browser timing data 1ms
     ✓ requires the native marker version and keeps service time unavailable distinct 0ms
     ✓ classifies native Three labels without treating them as stable provenance 0ms
     ✓ accepts the engine capture nested in a playtest observation report 1ms

⎯⎯⎯⎯⎯⎯⎯ Failed Tests 3 ⎯⎯⎯⎯⎯⎯⎯

 FAIL  packages/playtest/__tests__/pipeline-timing.spec.ts > pipeline timing capture > joins native service time to renderer provenance by exact pipeline handle
AssertionError: expected 'browser' to be 'native' // Object.is equality

Expected: "native"
Received: "browser"

 ❯ packages/playtest/__tests__/pipeline-timing.spec.ts:115:28
    113|     const capture = parsePipelineCapture(input);
    114|     expect(capture.complete).toBe(true);
    115|     expect(capture.source).toBe("native");
       |                            ^
    116|     expect(capture.events[0]).toMatchObject({
    117|       pipelineIdentity: "native-render-7", pass: "main", serviceMs: 10…

⎯⎯⎯⎯⎯⎯⎯⎯⎯⎯⎯⎯⎯⎯⎯⎯⎯⎯⎯⎯⎯⎯⎯⎯[1/3]⎯

 FAIL  packages/playtest/__tests__/pipeline-timing.spec.ts > pipeline timing capture > refuses mismatched shader content and missing pipeline joins
AssertionError: expected [Function] to throw an error

- Expected:
null

+ Received:
undefined

 ❯ packages/playtest/__tests__/pipeline-timing.spec.ts:129:47
    127|     const input = pairedCapture();
    128|     input.census.events[0].fragment = { hash: "different", bytes: 21 };
    129|     expect(() => parsePipelineCapture(input)).toThrow(/shader.*mismatc…
       |                                               ^
    130|     const missing = pairedCapture();
    131|     missing.census.events[0].pipelineIdentity = "native-render-8";

⎯⎯⎯⎯⎯⎯⎯⎯⎯⎯⎯⎯⎯⎯⎯⎯⎯⎯⎯⎯⎯⎯⎯⎯[2/3]⎯

 FAIL  packages/playtest/__tests__/pipeline-timing.spec.ts > pipeline timing capture > preserves incomplete native evidence when renderer attribution is complete
AssertionError: expected true to be false // Object.is equality

- Expected
+ Received

- false
+ true

 ❯ packages/playtest/__tests__/pipeline-timing.spec.ts:139:30
    137|     input.nativeLog = input.nativeLog.replace(nativeCompletion(1), "");
    138|     const capture = parsePipelineCapture(input);
    139|     expect(capture.complete).toBe(false);
       |                              ^
    140|     expect(capture.incompleteReasons).toContain("native marker capture…
    141|   });

⎯⎯⎯⎯⎯⎯⎯⎯⎯⎯⎯⎯⎯⎯⎯⎯⎯⎯⎯⎯⎯⎯⎯⎯[3/3]⎯


 Test Files  1 failed (1)
      Tests  3 failed | 14 passed (17)
   Start at  16:31:24
   Duration  199ms (transform 49ms, setup 0ms, import 63ms, tests 25ms, environment 0ms)
