
 RUN  v4.1.10 /home/joao/projects/threenative/threenative-engine/.worktrees/startup-measure-reduce

 ❯ packages/playtest/__tests__/pipeline-timing.spec.ts (33 tests | 1 failed) 33ms
     ✓ bounds a force-stopped native capture at its last live checkpoint 11ms
     ✓ refuses a checkpoint whose compiles have not settled 1ms
     ✓ counts the host's outstanding compiles as pending without inventing events 1ms
     ✓ keeps pending on the event statuses once the finalizer has spoken 0ms
     ✓ refuses a capture whose trailing events arrived after its last checkpoint 0ms
     ✓ refuses a checkpoint that counted an event the log had not yet written 0ms
     ✓ refuses a checkpoint counting fewer events than the log already carried 1ms
     ✓ accepts a checkpoint whose events arrived out of id order 0ms
     ✓ refuses a capture truncated between its events and its checkpoint 0ms
     ✓ keeps the finalizer authoritative and rejects a checkpoint that outruns it 1ms
     ✓ refuses checkpoints that disagree with themselves or walk backwards 0ms
     ✓ joins native service time to renderer provenance by exact pipeline handle 2ms
     × preserves observed renderer lookups when native events only count creations 5ms
     ✓ reads a paired capture from its file bytes, not only as an object 2ms
     ✓ fails closed on file bytes that are neither valid JSON nor a readable native log 1ms
     ✓ refuses mismatched shader content and missing pipeline joins 1ms
     ✓ preserves incomplete native evidence when renderer attribution is complete 0ms
     ✓ compares shader stages rather than absent-stage program labels 1ms
     ✓ retains native utility pipelines with explicitly unknown renderer provenance 0ms
     ✓ separates queue delay from service time when asynchronous jobs overlap 0ms
     ✓ requires launch metadata before a browser capture can be complete 0ms
     ✓ requires both shader stages for render size and service correlation 0ms
     ✓ rejects provenance that is both unknown and attributed 0ms
     ✓ fails closed when one native event is missing from the sequence 0ms
     ✓ fails closed when the final native event is missing from an otherwise contiguous capture 0ms
     ✓ accepts a native marker capture with launch metadata and first-present evidence 0ms
     ✓ accepts a browser census and keeps material attribution separate from program identity 0ms
     ✓ requires a version before treating an events object as a browser capture 0ms
     ✓ marks status/count disagreement incomplete instead of trusting declared counts 0ms
     ✓ rejects negative or out-of-order browser timing data 0ms
     ✓ requires the native marker version and keeps service time unavailable distinct 0ms
     ✓ classifies native Three labels without treating them as stable provenance 0ms
     ✓ accepts the engine capture nested in a playtest observation report 0ms

⎯⎯⎯⎯⎯⎯⎯ Failed Tests 1 ⎯⎯⎯⎯⎯⎯⎯

 FAIL  packages/playtest/__tests__/pipeline-timing.spec.ts > pipeline timing capture > preserves observed renderer lookups when native events only count creations
AssertionError: expected +0 to be 7 // Object.is equality

- Expected
+ Received

- 7
+ 0

 ❯ packages/playtest/__tests__/pipeline-timing.spec.ts:288:36
    286|     const summary = summarizePipelineCapture(parsePipelineCapture(JSON…
    287|
    288|     expect(summary.counts.lookups).toBe(7);
       |                                    ^
    289|     expect(summary.counts.creations).toBe(1);
    290|   });

⎯⎯⎯⎯⎯⎯⎯⎯⎯⎯⎯⎯⎯⎯⎯⎯⎯⎯⎯⎯⎯⎯⎯⎯[1/1]⎯


 Test Files  1 failed (1)
      Tests  1 failed | 32 passed (33)
   Start at  19:25:53
   Duration  207ms (transform 58ms, setup 0ms, import 74ms, tests 33ms, environment 0ms)

