
 RUN  v4.1.10 /home/joao/projects/threenative/threenative-engine/.worktrees/startup-measure-reduce

 ❯ packages/playtest/__tests__/device-playtest.spec.ts (27 tests | 2 failed) 9791ms
   × the Android runner samples only after the advertised startup phase is ready 685ms
   × native startup assertions use the observed timeline for passing and slow launches 425ms
   ✓ native runner waits on an asynchronously changing resource  526ms
   ✓ native runner times out a resource wait with the last observation 264ms
   ✓ the existing device-smoke scenario reaches its visibility assertion on Android  422ms
   ✓ the Android runner resolves an omitted network policy before bridge capability validation  369ms
   ✓ the native lane composes setup overrides and reports the applied receipt  473ms
   ✓ native screenshot evidence fails closed when the driver does not produce a frame  371ms
   ✓ buttonless native pointer movement drives anonymous evidence  632ms
   ✓ buttoned native pointer movement presses before moving and releases  629ms
   ✓ one device scenario reaches the same semantic evaluator and passes  472ms
   ✓ anonymous device movement omits the entity selector from bridge samples  784ms
   ✓ device wait preserves held input classification  895ms
   ✓ a deliberately wrong value fails on the device path with exit code 1  471ms
   ✓ an Android runtime error reaches the diagnostics assertion with exit code 1  479ms
   ✓ a missing device bridge fails closed with exit code 2 35ms
   ✓ a misspelled assertion is rejected before the Android app launches 1ms
   ✓ network assertions fail explicitly unsupported instead of being skipped 1ms
   ✓ Android framebuffer coverage requires the recorder observer before launching 1ms
   ✓ Android framebuffer coverage brackets its declared steps and fails closed on unreadable video  576ms
   ✓ Android multi-pointer steps deliver complete held sets and release in finally  527ms
   ✓ an Android run records device thermal, power and battery state as an observation  374ms
   ✓ a deviceMetrics assertion on a device run judges the thermal verdict  373ms
   ✓ a deviceMetrics assertion on desktop fails unsupported and names the Android lane 2ms
   ✓ emulator touch batches never mix a tracking id with a coordinate 1ms
   ✓ emulator touch batches position a slot before activating it 1ms
   ✓ Android launches the playtest activity in the current foreground user 1ms

⎯⎯⎯⎯⎯⎯⎯ Failed Tests 2 ⎯⎯⎯⎯⎯⎯⎯

 FAIL  packages/playtest/__tests__/device-playtest.spec.ts > the Android runner samples only after the advertised startup phase is ready
AssertionError: expected undefined to match object { phase: 'ready', …(2) }

- Expected:
{
  "phase": "ready",
  "rule": "sustained-frames",
  "timeline": {
    "readyMs": 1200,
  },
}

+ Received:
undefined

 ❯ packages/playtest/__tests__/device-playtest.spec.ts:102:40
    100|   expect(moving.readinessPhases).toEqual(["collapsing", "collapsing", …
    101|   expect(moving.sampledBeforeStartup).toBe(0);
    102|   expect(result.observations?.startup).toMatchObject({
       |                                        ^
    103|     phase: "ready", rule: "sustained-frames", timeline: { readyMs: 1_2…
    104|   });

⎯⎯⎯⎯⎯⎯⎯⎯⎯⎯⎯⎯⎯⎯⎯⎯⎯⎯⎯⎯⎯⎯⎯⎯[1/2]⎯

 FAIL  packages/playtest/__tests__/device-playtest.spec.ts > native startup assertions use the observed timeline for passing and slow launches
AssertionError: expected false to be true // Object.is equality

- Expected
+ Received

- true
+ false

 ❯ packages/playtest/__tests__/device-playtest.spec.ts:117:25
    115|     );
    116|
    117|     expect(result.pass).toBe(maxReadyMs >= 1_200);
       |                         ^
    118|     expect(result.assertionResults).toContainEqual(
    119|       expect.objectContaining({ id: "startup.readyMs", pass: maxReadyM…

⎯⎯⎯⎯⎯⎯⎯⎯⎯⎯⎯⎯⎯⎯⎯⎯⎯⎯⎯⎯⎯⎯⎯⎯[2/2]⎯


 Test Files  1 failed (1)
      Tests  2 failed | 25 passed (27)
   Start at  19:33:09
   Duration  10.70s (transform 437ms, setup 0ms, import 817ms, tests 9.79s, environment 0ms)

